INFO: kbplacer_plugin_action.py:73: Plugin version: 0.19
INFO: kbplacer_plugin_action.py:74: Python version: '3.14.7 (main, Aug 10 2026, 07:46:56) [GCC 16.1.1 20260728]'
INFO: kbplacer_plugin_action.py:75: KiCad version: 10.0.6 with 4.2.5 gtk3 (phoenix) wxWidgets 3.2.10
INFO: kbplacer_dialog.py:799: Language: es
INFO: kbplacer_plugin_action.py:83: GUI state: {"layout_path": "/home/rohan/Projects/Mykeyboard/hardware/left/keyboard-layout_left.json", "key_distance": [19.05, 19.05], "key_info": {"annotation_format": "S{}", "position_option": "Default", "position": {"x": 0.0, "y": 0.0, "orientation": 0.0, "side": "Front"}, "template_path": "", "start_index": 1}, "enable_diode_placement": true, "route_switches_with_diodes": true, "optimize_diodes_orientation": false, "diode_info": {"annotation_format": "D{}", "position_option": "Default", "position": {"x": 5.08, "y": 4.0, "orientation": 90.0, "side": "Back"}, "template_path": "", "start_index": -1}, "additional_elements": [{"annotation_format": "ST{}", "position_option": "Custom", "position": {"x": 0.0, "y": 0.0, "orientation": 0.0, "side": "Front"}, "template_path": "", "start_index": -1}], "route_rows_and_columns": true, "template_path": "", "generate_outline": false, "outline_delta": 0.0, "layout_offset": null}
DEBUG: key_placer.py:153: Switches by nets: defaultdict(<class 'list'>, {frozenset({'/colum 6', '/row 5'}): ['S39'], frozenset({'/colum 5', '/row 5'}): ['S38'], frozenset({'/colum 4', '/row 5'}): ['S37'], frozenset({'/colum 3', '/row 5'}): ['S36'], frozenset({'/row 4', '/colum 6'}): ['S35'], frozenset({'/row 4', '/colum 5'}): ['S34'], frozenset({'/colum 4', '/row 4'}): ['S33'], frozenset({'/colum 3', '/row 4'}): ['S32'], frozenset({'/row 4', '/colum 2'}): ['S31'], frozenset({'/colum 1', '/row 4'}): ['S30'], frozenset({'/row 4', '/colum 0'}): ['S29'], frozenset({'/colum 6', '/row 3'}): ['S28'], frozenset({'/colum 5', '/row 3'}): ['S27'], frozenset({'/colum 4', '/row 3'}): ['S26'], frozenset({'/colum 3', '/row 3'}): ['S25'], frozenset({'/colum 2', '/row 3'}): ['S24'], frozenset({'/colum 1', '/row 3'}): ['S23'], frozenset({'/colum 0', '/row 3'}): ['S22'], frozenset({'/row 2', '/colum 6'}): ['S21'], frozenset({'/row 2', '/colum 5'}): ['S20'], frozenset({'/colum 4', '/row 2'}): ['S19'], frozenset({'/colum 3', '/row 2'}): ['S18'], frozenset({'/row 2', '/colum 2'}): ['S17'], frozenset({'/colum 1', '/row 2'}): ['S16'], frozenset({'/row 2', '/colum 0'}): ['S15'], frozenset({'/row 1', '/colum 6'}): ['S14'], frozenset({'/row 1', '/colum 5'}): ['S13'], frozenset({'/colum 4', '/row 1'}): ['S12'], frozenset({'/colum 3', '/row 1'}): ['S11'], frozenset({'/row 1', '/colum 2'}): ['S10'], frozenset({'/colum 1', '/row 1'}): ['S9'], frozenset({'/row 1', '/colum 0'}): ['S8'], frozenset({'/row 0', '/colum 6'}): ['S7'], frozenset({'/row 0', '/colum 5'}): ['S6'], frozenset({'/colum 4', '/row 0'}): ['S5'], frozenset({'/colum 3', '/row 0'}): ['S4'], frozenset({'/row 0', '/colum 2'}): ['S3'], frozenset({'/colum 1', '/row 0'}): ['S2'], frozenset({'/row 0', '/colum 0'}): ['S1']})
DEBUG: key_placer.py:157: Diodes by switch: {'S39': ['D39'], 'S38': ['D38'], 'S37': ['D37'], 'S36': ['D36'], 'S35': ['D35'], 'S34': ['D34'], 'S33': ['D33'], 'S32': ['D32'], 'S31': ['D31'], 'S30': ['D30'], 'S29': ['D29'], 'S28': ['D28'], 'S27': ['D27'], 'S26': ['D26'], 'S25': ['D25'], 'S24': ['D24'], 'S23': ['D23'], 'S22': ['D22'], 'S21': ['D21'], 'S20': ['D20'], 'S19': ['D19'], 'S18': ['D18'], 'S17': ['D17'], 'S16': ['D16'], 'S15': ['D15'], 'S14': ['D14'], 'S13': ['D13'], 'S12': ['D12'], 'S11': ['D11'], 'S10': ['D10'], 'S9': ['D9'], 'S8': ['D8'], 'S7': ['D7'], 'S6': ['D6'], 'S5': ['D5'], 'S4': ['D4'], 'S3': ['D3'], 'S2': ['D2'], 'S1': ['D1']}
INFO: key_placer.py:785: Using key 1U distance: (19.05, 19.05) mm
INFO: key_placer.py:803: Layout offset: (28575000, 38100000)
DEBUG: kle_serial.py:1131: Layout with: x_ortholinear_keys=39, y_ortholinear_keys=5, rotated_keys=0, encoders=0, iso_enters=0 and unrecognized_shape_keys=0
DEBUG: kle_serial.py:1156: Layout tagged: [<KeyboardTag.COLUMN_STAGGERED: 3>]
WARNING: key_placer.py:820: Layout of this kind with missing key matrix annotations may produce unexpected footprint order. For details see: https://github.com/adamws/kicad-kbplacer/blob/master/docs/annotation_guide.md
DEBUG: board_modifier.py:119: Setting S1 footprint position: (95250000, 76200000)
DEBUG: board_modifier.py:119: Setting S2 footprint position: (76200000, 80962500)
DEBUG: board_modifier.py:119: Setting S3 footprint position: (114300000, 80962500)
DEBUG: board_modifier.py:119: Setting S4 footprint position: (38100000, 85725000)
DEBUG: board_modifier.py:119: Setting S5 footprint position: (57150000, 85725000)
DEBUG: board_modifier.py:119: Setting S6 footprint position: (133350000, 85725000)
DEBUG: board_modifier.py:119: Setting S7 footprint position: (152400000, 90487500)
DEBUG: board_modifier.py:119: Setting S8 footprint position: (95250000, 95250000)
DEBUG: board_modifier.py:119: Setting S9 footprint position: (76200000, 100012500)
DEBUG: board_modifier.py:119: Setting S10 footprint position: (114300000, 100012500)
DEBUG: board_modifier.py:119: Setting S11 footprint position: (38100000, 104775000)
DEBUG: board_modifier.py:119: Setting S12 footprint position: (57150000, 104775000)
DEBUG: board_modifier.py:119: Setting S13 footprint position: (133350000, 104775000)
DEBUG: board_modifier.py:119: Setting S14 footprint position: (152400000, 109537500)
DEBUG: board_modifier.py:119: Setting S15 footprint position: (95250000, 114300000)
DEBUG: board_modifier.py:119: Setting S16 footprint position: (76200000, 119062500)
DEBUG: board_modifier.py:119: Setting S17 footprint position: (114300000, 119062500)
DEBUG: board_modifier.py:119: Setting S18 footprint position: (38100000, 123825000)
DEBUG: board_modifier.py:119: Setting S19 footprint position: (57150000, 123825000)
DEBUG: board_modifier.py:119: Setting S20 footprint position: (133350000, 123825000)
DEBUG: board_modifier.py:119: Setting S21 footprint position: (152400000, 128587500)
DEBUG: board_modifier.py:119: Setting S22 footprint position: (95250000, 133350000)
DEBUG: board_modifier.py:119: Setting S23 footprint position: (76200000, 138112500)
DEBUG: board_modifier.py:119: Setting S24 footprint position: (114300000, 138112500)
DEBUG: board_modifier.py:119: Setting S25 footprint position: (38100000, 142875000)
DEBUG: board_modifier.py:119: Setting S26 footprint position: (57150000, 142875000)
DEBUG: board_modifier.py:119: Setting S27 footprint position: (133350000, 142875000)
DEBUG: board_modifier.py:119: Setting S28 footprint position: (152400000, 147637500)
DEBUG: board_modifier.py:119: Setting S29 footprint position: (95250000, 152400000)
DEBUG: board_modifier.py:119: Setting S30 footprint position: (76200000, 157162500)
DEBUG: board_modifier.py:119: Setting S31 footprint position: (114300000, 157162500)
DEBUG: board_modifier.py:119: Setting S32 footprint position: (38100000, 161925000)
DEBUG: board_modifier.py:119: Setting S33 footprint position: (57150000, 161925000)
DEBUG: board_modifier.py:119: Setting S34 footprint position: (133350000, 161925000)
DEBUG: board_modifier.py:119: Setting S35 footprint position: (152400000, 166687500)
DEBUG: board_modifier.py:119: Setting S36 footprint position: (95250000, 185737500)
DEBUG: board_modifier.py:119: Setting S37 footprint position: (114300000, 185737500)
DEBUG: board_modifier.py:119: Setting S38 footprint position: (133350000, 185737500)
DEBUG: board_modifier.py:119: Setting S39 footprint position: (152400000, 185737500)
INFO: key_placer.py:1238: Diode info: [ElementInfo(annotation_format='D{}', position_option=<PositionOption.DEFAULT: 'Default'>, position=ElementPosition(x=5.08, y=4.0, orientation=90.0, side=<Side.BACK: 'Back'>), template_path='', start_index=-1)]
DEBUG: board_modifier.py:132: Getting S1 footprint position: (95250000, 76200000)
DEBUG: board_modifier.py:119: Setting D1 footprint position: (100330000, 80200000)
DEBUG: board_modifier.py:132: Getting S2 footprint position: (76200000, 80962500)
DEBUG: board_modifier.py:119: Setting D2 footprint position: (81280000, 84962500)
DEBUG: board_modifier.py:132: Getting S3 footprint position: (114300000, 80962500)
DEBUG: board_modifier.py:119: Setting D3 footprint position: (119380000, 84962500)
DEBUG: board_modifier.py:132: Getting S4 footprint position: (38100000, 85725000)
DEBUG: board_modifier.py:119: Setting D4 footprint position: (43180000, 89725000)
DEBUG: board_modifier.py:132: Getting S5 footprint position: (57150000, 85725000)
DEBUG: board_modifier.py:119: Setting D5 footprint position: (62230000, 89725000)
DEBUG: board_modifier.py:132: Getting S6 footprint position: (133350000, 85725000)
DEBUG: board_modifier.py:119: Setting D6 footprint position: (138430000, 89725000)
DEBUG: board_modifier.py:132: Getting S7 footprint position: (152400000, 90487500)
DEBUG: board_modifier.py:119: Setting D7 footprint position: (157480000, 94487500)
DEBUG: board_modifier.py:132: Getting S8 footprint position: (95250000, 95250000)
DEBUG: board_modifier.py:119: Setting D8 footprint position: (100330000, 99250000)
DEBUG: board_modifier.py:132: Getting S9 footprint position: (76200000, 100012500)
DEBUG: board_modifier.py:119: Setting D9 footprint position: (81280000, 104012500)
DEBUG: board_modifier.py:132: Getting S10 footprint position: (114300000, 100012500)
DEBUG: board_modifier.py:119: Setting D10 footprint position: (119380000, 104012500)
DEBUG: board_modifier.py:132: Getting S11 footprint position: (38100000, 104775000)
DEBUG: board_modifier.py:119: Setting D11 footprint position: (43180000, 108775000)
DEBUG: board_modifier.py:132: Getting S12 footprint position: (57150000, 104775000)
DEBUG: board_modifier.py:119: Setting D12 footprint position: (62230000, 108775000)
DEBUG: board_modifier.py:132: Getting S13 footprint position: (133350000, 104775000)
DEBUG: board_modifier.py:119: Setting D13 footprint position: (138430000, 108775000)
DEBUG: board_modifier.py:132: Getting S14 footprint position: (152400000, 109537500)
DEBUG: board_modifier.py:119: Setting D14 footprint position: (157480000, 113537500)
DEBUG: board_modifier.py:132: Getting S15 footprint position: (95250000, 114300000)
DEBUG: board_modifier.py:119: Setting D15 footprint position: (100330000, 118300000)
DEBUG: board_modifier.py:132: Getting S16 footprint position: (76200000, 119062500)
DEBUG: board_modifier.py:119: Setting D16 footprint position: (81280000, 123062500)
DEBUG: board_modifier.py:132: Getting S17 footprint position: (114300000, 119062500)
DEBUG: board_modifier.py:119: Setting D17 footprint position: (119380000, 123062500)
DEBUG: board_modifier.py:132: Getting S18 footprint position: (38100000, 123825000)
DEBUG: board_modifier.py:119: Setting D18 footprint position: (43180000, 127825000)
DEBUG: board_modifier.py:132: Getting S19 footprint position: (57150000, 123825000)
DEBUG: board_modifier.py:119: Setting D19 footprint position: (62230000, 127825000)
DEBUG: board_modifier.py:132: Getting S20 footprint position: (133350000, 123825000)
DEBUG: board_modifier.py:119: Setting D20 footprint position: (138430000, 127825000)
DEBUG: board_modifier.py:132: Getting S21 footprint position: (152400000, 128587500)
DEBUG: board_modifier.py:119: Setting D21 footprint position: (157480000, 132587500)
DEBUG: board_modifier.py:132: Getting S22 footprint position: (95250000, 133350000)
DEBUG: board_modifier.py:119: Setting D22 footprint position: (100330000, 137350000)
DEBUG: board_modifier.py:132: Getting S23 footprint position: (76200000, 138112500)
DEBUG: board_modifier.py:119: Setting D23 footprint position: (81280000, 142112500)
DEBUG: board_modifier.py:132: Getting S24 footprint position: (114300000, 138112500)
DEBUG: board_modifier.py:119: Setting D24 footprint position: (119380000, 142112500)
DEBUG: board_modifier.py:132: Getting S25 footprint position: (38100000, 142875000)
DEBUG: board_modifier.py:119: Setting D25 footprint position: (43180000, 146875000)
DEBUG: board_modifier.py:132: Getting S26 footprint position: (57150000, 142875000)
DEBUG: board_modifier.py:119: Setting D26 footprint position: (62230000, 146875000)
DEBUG: board_modifier.py:132: Getting S27 footprint position: (133350000, 142875000)
DEBUG: board_modifier.py:119: Setting D27 footprint position: (138430000, 146875000)
DEBUG: board_modifier.py:132: Getting S28 footprint position: (152400000, 147637500)
DEBUG: board_modifier.py:119: Setting D28 footprint position: (157480000, 151637500)
DEBUG: board_modifier.py:132: Getting S29 footprint position: (95250000, 152400000)
DEBUG: board_modifier.py:119: Setting D29 footprint position: (100330000, 156400000)
DEBUG: board_modifier.py:132: Getting S30 footprint position: (76200000, 157162500)
DEBUG: board_modifier.py:119: Setting D30 footprint position: (81280000, 161162500)
DEBUG: board_modifier.py:132: Getting S31 footprint position: (114300000, 157162500)
DEBUG: board_modifier.py:119: Setting D31 footprint position: (119380000, 161162500)
DEBUG: board_modifier.py:132: Getting S32 footprint position: (38100000, 161925000)
DEBUG: board_modifier.py:119: Setting D32 footprint position: (43180000, 165925000)
DEBUG: board_modifier.py:132: Getting S33 footprint position: (57150000, 161925000)
DEBUG: board_modifier.py:119: Setting D33 footprint position: (62230000, 165925000)
DEBUG: board_modifier.py:132: Getting S34 footprint position: (133350000, 161925000)
DEBUG: board_modifier.py:119: Setting D34 footprint position: (138430000, 165925000)
DEBUG: board_modifier.py:132: Getting S35 footprint position: (152400000, 166687500)
DEBUG: board_modifier.py:119: Setting D35 footprint position: (157480000, 170687500)
DEBUG: board_modifier.py:132: Getting S36 footprint position: (95250000, 185737500)
DEBUG: board_modifier.py:119: Setting D36 footprint position: (100330000, 189737500)
DEBUG: board_modifier.py:132: Getting S37 footprint position: (114300000, 185737500)
DEBUG: board_modifier.py:119: Setting D37 footprint position: (119380000, 189737500)
DEBUG: board_modifier.py:132: Getting S38 footprint position: (133350000, 185737500)
DEBUG: board_modifier.py:119: Setting D38 footprint position: (138430000, 189737500)
DEBUG: board_modifier.py:132: Getting S39 footprint position: (152400000, 185737500)
DEBUG: board_modifier.py:119: Setting D39 footprint position: (157480000, 189737500)
INFO: key_placer.py:979: Placing additional elements for S39
DEBUG: board_modifier.py:132: Getting S39 footprint position: (152400000, 185737500)
DEBUG: board_modifier.py:84: Searching for optional ST39 footprint in /home/rohan/Projects/Mykeyboard/hardware/left/Mykeyboard_left.kicad_pcb
DEBUG: board_modifier.py:89: Footprint not found
INFO: key_placer.py:979: Placing additional elements for S38
DEBUG: board_modifier.py:132: Getting S38 footprint position: (133350000, 185737500)
DEBUG: board_modifier.py:84: Searching for optional ST38 footprint in /home/rohan/Projects/Mykeyboard/hardware/left/Mykeyboard_left.kicad_pcb
DEBUG: board_modifier.py:89: Footprint not found
INFO: key_placer.py:979: Placing additional elements for S37
DEBUG: board_modifier.py:132: Getting S37 footprint position: (114300000, 185737500)
DEBUG: board_modifier.py:84: Searching for optional ST37 footprint in /home/rohan/Projects/Mykeyboard/hardware/left/Mykeyboard_left.kicad_pcb
DEBUG: board_modifier.py:89: Footprint not found
INFO: key_placer.py:979: Placing additional elements for S36
DEBUG: board_modifier.py:132: Getting S36 footprint position: (95250000, 185737500)
DEBUG: board_modifier.py:84: Searching for optional ST36 footprint in /home/rohan/Projects/Mykeyboard/hardware/left/Mykeyboard_left.kicad_pcb
DEBUG: board_modifier.py:89: Footprint not found
INFO: key_placer.py:979: Placing additional elements for S35
DEBUG: board_modifier.py:132: Getting S35 footprint position: (152400000, 166687500)
DEBUG: board_modifier.py:84: Searching for optional ST35 footprint in /home/rohan/Projects/Mykeyboard/hardware/left/Mykeyboard_left.kicad_pcb
DEBUG: board_modifier.py:89: Footprint not found
INFO: key_placer.py:979: Placing additional elements for S34
DEBUG: board_modifier.py:132: Getting S34 footprint position: (133350000, 161925000)
DEBUG: board_modifier.py:84: Searching for optional ST34 footprint in /home/rohan/Projects/Mykeyboard/hardware/left/Mykeyboard_left.kicad_pcb
DEBUG: board_modifier.py:89: Footprint not found
INFO: key_placer.py:979: Placing additional elements for S33
DEBUG: board_modifier.py:132: Getting S33 footprint position: (57150000, 161925000)
DEBUG: board_modifier.py:84: Searching for optional ST33 footprint in /home/rohan/Projects/Mykeyboard/hardware/left/Mykeyboard_left.kicad_pcb
DEBUG: board_modifier.py:89: Footprint not found
INFO: key_placer.py:979: Placing additional elements for S32
DEBUG: board_modifier.py:132: Getting S32 footprint position: (38100000, 161925000)
DEBUG: board_modifier.py:84: Searching for optional ST32 footprint in /home/rohan/Projects/Mykeyboard/hardware/left/Mykeyboard_left.kicad_pcb
DEBUG: board_modifier.py:89: Footprint not found
INFO: key_placer.py:979: Placing additional elements for S31
DEBUG: board_modifier.py:132: Getting S31 footprint position: (114300000, 157162500)
DEBUG: board_modifier.py:84: Searching for optional ST31 footprint in /home/rohan/Projects/Mykeyboard/hardware/left/Mykeyboard_left.kicad_pcb
DEBUG: board_modifier.py:89: Footprint not found
INFO: key_placer.py:979: Placing additional elements for S30
DEBUG: board_modifier.py:132: Getting S30 footprint position: (76200000, 157162500)
DEBUG: board_modifier.py:84: Searching for optional ST30 footprint in /home/rohan/Projects/Mykeyboard/hardware/left/Mykeyboard_left.kicad_pcb
DEBUG: board_modifier.py:89: Footprint not found
INFO: key_placer.py:979: Placing additional elements for S29
DEBUG: board_modifier.py:132: Getting S29 footprint position: (95250000, 152400000)
DEBUG: board_modifier.py:84: Searching for optional ST29 footprint in /home/rohan/Projects/Mykeyboard/hardware/left/Mykeyboard_left.kicad_pcb
DEBUG: board_modifier.py:89: Footprint not found
INFO: key_placer.py:979: Placing additional elements for S28
DEBUG: board_modifier.py:132: Getting S28 footprint position: (152400000, 147637500)
DEBUG: board_modifier.py:84: Searching for optional ST28 footprint in /home/rohan/Projects/Mykeyboard/hardware/left/Mykeyboard_left.kicad_pcb
DEBUG: board_modifier.py:89: Footprint not found
INFO: key_placer.py:979: Placing additional elements for S27
DEBUG: board_modifier.py:132: Getting S27 footprint position: (133350000, 142875000)
DEBUG: board_modifier.py:84: Searching for optional ST27 footprint in /home/rohan/Projects/Mykeyboard/hardware/left/Mykeyboard_left.kicad_pcb
DEBUG: board_modifier.py:89: Footprint not found
INFO: key_placer.py:979: Placing additional elements for S26
DEBUG: board_modifier.py:132: Getting S26 footprint position: (57150000, 142875000)
DEBUG: board_modifier.py:84: Searching for optional ST26 footprint in /home/rohan/Projects/Mykeyboard/hardware/left/Mykeyboard_left.kicad_pcb
DEBUG: board_modifier.py:89: Footprint not found
INFO: key_placer.py:979: Placing additional elements for S25
DEBUG: board_modifier.py:132: Getting S25 footprint position: (38100000, 142875000)
DEBUG: board_modifier.py:84: Searching for optional ST25 footprint in /home/rohan/Projects/Mykeyboard/hardware/left/Mykeyboard_left.kicad_pcb
DEBUG: board_modifier.py:89: Footprint not found
INFO: key_placer.py:979: Placing additional elements for S24
DEBUG: board_modifier.py:132: Getting S24 footprint position: (114300000, 138112500)
DEBUG: board_modifier.py:84: Searching for optional ST24 footprint in /home/rohan/Projects/Mykeyboard/hardware/left/Mykeyboard_left.kicad_pcb
DEBUG: board_modifier.py:89: Footprint not found
INFO: key_placer.py:979: Placing additional elements for S23
DEBUG: board_modifier.py:132: Getting S23 footprint position: (76200000, 138112500)
DEBUG: board_modifier.py:84: Searching for optional ST23 footprint in /home/rohan/Projects/Mykeyboard/hardware/left/Mykeyboard_left.kicad_pcb
DEBUG: board_modifier.py:89: Footprint not found
INFO: key_placer.py:979: Placing additional elements for S22
DEBUG: board_modifier.py:132: Getting S22 footprint position: (95250000, 133350000)
DEBUG: board_modifier.py:84: Searching for optional ST22 footprint in /home/rohan/Projects/Mykeyboard/hardware/left/Mykeyboard_left.kicad_pcb
DEBUG: board_modifier.py:89: Footprint not found
INFO: key_placer.py:979: Placing additional elements for S21
DEBUG: board_modifier.py:132: Getting S21 footprint position: (152400000, 128587500)
DEBUG: board_modifier.py:84: Searching for optional ST21 footprint in /home/rohan/Projects/Mykeyboard/hardware/left/Mykeyboard_left.kicad_pcb
DEBUG: board_modifier.py:89: Footprint not found
INFO: key_placer.py:979: Placing additional elements for S20
DEBUG: board_modifier.py:132: Getting S20 footprint position: (133350000, 123825000)
DEBUG: board_modifier.py:84: Searching for optional ST20 footprint in /home/rohan/Projects/Mykeyboard/hardware/left/Mykeyboard_left.kicad_pcb
DEBUG: board_modifier.py:89: Footprint not found
INFO: key_placer.py:979: Placing additional elements for S19
DEBUG: board_modifier.py:132: Getting S19 footprint position: (57150000, 123825000)
DEBUG: board_modifier.py:84: Searching for optional ST19 footprint in /home/rohan/Projects/Mykeyboard/hardware/left/Mykeyboard_left.kicad_pcb
DEBUG: board_modifier.py:89: Footprint not found
INFO: key_placer.py:979: Placing additional elements for S18
DEBUG: board_modifier.py:132: Getting S18 footprint position: (38100000, 123825000)
DEBUG: board_modifier.py:84: Searching for optional ST18 footprint in /home/rohan/Projects/Mykeyboard/hardware/left/Mykeyboard_left.kicad_pcb
DEBUG: board_modifier.py:89: Footprint not found
INFO: key_placer.py:979: Placing additional elements for S17
DEBUG: board_modifier.py:132: Getting S17 footprint position: (114300000, 119062500)
DEBUG: board_modifier.py:84: Searching for optional ST17 footprint in /home/rohan/Projects/Mykeyboard/hardware/left/Mykeyboard_left.kicad_pcb
DEBUG: board_modifier.py:89: Footprint not found
INFO: key_placer.py:979: Placing additional elements for S16
DEBUG: board_modifier.py:132: Getting S16 footprint position: (76200000, 119062500)
DEBUG: board_modifier.py:84: Searching for optional ST16 footprint in /home/rohan/Projects/Mykeyboard/hardware/left/Mykeyboard_left.kicad_pcb
DEBUG: board_modifier.py:89: Footprint not found
INFO: key_placer.py:979: Placing additional elements for S15
DEBUG: board_modifier.py:132: Getting S15 footprint position: (95250000, 114300000)
DEBUG: board_modifier.py:84: Searching for optional ST15 footprint in /home/rohan/Projects/Mykeyboard/hardware/left/Mykeyboard_left.kicad_pcb
DEBUG: board_modifier.py:89: Footprint not found
INFO: key_placer.py:979: Placing additional elements for S14
DEBUG: board_modifier.py:132: Getting S14 footprint position: (152400000, 109537500)
DEBUG: board_modifier.py:84: Searching for optional ST14 footprint in /home/rohan/Projects/Mykeyboard/hardware/left/Mykeyboard_left.kicad_pcb
DEBUG: board_modifier.py:89: Footprint not found
INFO: key_placer.py:979: Placing additional elements for S13
DEBUG: board_modifier.py:132: Getting S13 footprint position: (133350000, 104775000)
DEBUG: board_modifier.py:84: Searching for optional ST13 footprint in /home/rohan/Projects/Mykeyboard/hardware/left/Mykeyboard_left.kicad_pcb
DEBUG: board_modifier.py:89: Footprint not found
INFO: key_placer.py:979: Placing additional elements for S12
DEBUG: board_modifier.py:132: Getting S12 footprint position: (57150000, 104775000)
DEBUG: board_modifier.py:84: Searching for optional ST12 footprint in /home/rohan/Projects/Mykeyboard/hardware/left/Mykeyboard_left.kicad_pcb
DEBUG: board_modifier.py:89: Footprint not found
INFO: key_placer.py:979: Placing additional elements for S11
DEBUG: board_modifier.py:132: Getting S11 footprint position: (38100000, 104775000)
DEBUG: board_modifier.py:84: Searching for optional ST11 footprint in /home/rohan/Projects/Mykeyboard/hardware/left/Mykeyboard_left.kicad_pcb
DEBUG: board_modifier.py:89: Footprint not found
INFO: key_placer.py:979: Placing additional elements for S10
DEBUG: board_modifier.py:132: Getting S10 footprint position: (114300000, 100012500)
DEBUG: board_modifier.py:84: Searching for optional ST10 footprint in /home/rohan/Projects/Mykeyboard/hardware/left/Mykeyboard_left.kicad_pcb
DEBUG: board_modifier.py:89: Footprint not found
INFO: key_placer.py:979: Placing additional elements for S9
DEBUG: board_modifier.py:132: Getting S9 footprint position: (76200000, 100012500)
DEBUG: board_modifier.py:84: Searching for optional ST9 footprint in /home/rohan/Projects/Mykeyboard/hardware/left/Mykeyboard_left.kicad_pcb
DEBUG: board_modifier.py:89: Footprint not found
INFO: key_placer.py:979: Placing additional elements for S8
DEBUG: board_modifier.py:132: Getting S8 footprint position: (95250000, 95250000)
DEBUG: board_modifier.py:84: Searching for optional ST8 footprint in /home/rohan/Projects/Mykeyboard/hardware/left/Mykeyboard_left.kicad_pcb
DEBUG: board_modifier.py:89: Footprint not found
INFO: key_placer.py:979: Placing additional elements for S7
DEBUG: board_modifier.py:132: Getting S7 footprint position: (152400000, 90487500)
DEBUG: board_modifier.py:84: Searching for optional ST7 footprint in /home/rohan/Projects/Mykeyboard/hardware/left/Mykeyboard_left.kicad_pcb
DEBUG: board_modifier.py:89: Footprint not found
INFO: key_placer.py:979: Placing additional elements for S6
DEBUG: board_modifier.py:132: Getting S6 footprint position: (133350000, 85725000)
DEBUG: board_modifier.py:84: Searching for optional ST6 footprint in /home/rohan/Projects/Mykeyboard/hardware/left/Mykeyboard_left.kicad_pcb
DEBUG: board_modifier.py:89: Footprint not found
INFO: key_placer.py:979: Placing additional elements for S5
DEBUG: board_modifier.py:132: Getting S5 footprint position: (57150000, 85725000)
DEBUG: board_modifier.py:84: Searching for optional ST5 footprint in /home/rohan/Projects/Mykeyboard/hardware/left/Mykeyboard_left.kicad_pcb
DEBUG: board_modifier.py:89: Footprint not found
INFO: key_placer.py:979: Placing additional elements for S4
DEBUG: board_modifier.py:132: Getting S4 footprint position: (38100000, 85725000)
DEBUG: board_modifier.py:84: Searching for optional ST4 footprint in /home/rohan/Projects/Mykeyboard/hardware/left/Mykeyboard_left.kicad_pcb
DEBUG: board_modifier.py:89: Footprint not found
INFO: key_placer.py:979: Placing additional elements for S3
DEBUG: board_modifier.py:132: Getting S3 footprint position: (114300000, 80962500)
DEBUG: board_modifier.py:84: Searching for optional ST3 footprint in /home/rohan/Projects/Mykeyboard/hardware/left/Mykeyboard_left.kicad_pcb
DEBUG: board_modifier.py:89: Footprint not found
INFO: key_placer.py:979: Placing additional elements for S2
DEBUG: board_modifier.py:132: Getting S2 footprint position: (76200000, 80962500)
DEBUG: board_modifier.py:84: Searching for optional ST2 footprint in /home/rohan/Projects/Mykeyboard/hardware/left/Mykeyboard_left.kicad_pcb
DEBUG: board_modifier.py:89: Footprint not found
INFO: key_placer.py:979: Placing additional elements for S1
DEBUG: board_modifier.py:132: Getting S1 footprint position: (95250000, 76200000)
DEBUG: board_modifier.py:84: Searching for optional ST1 footprint in /home/rohan/Projects/Mykeyboard/hardware/left/Mykeyboard_left.kicad_pcb
DEBUG: board_modifier.py:89: Footprint not found
INFO: key_placer.py:512: Routing S39 with D39
INFO: key_placer.py:514: Using internal autorouter method
DEBUG: board_modifier.py:591: Routing at F.Cu layer
DEBUG: board_modifier.py:608: Netclass: Default, track width: 200000
INFO: board_modifier.py:674: Routing pad 'S39:2' at (154940000, 180657500) with pad 'D39:2' at (157480000, 182117500) using coordinate system rotated by 0 degree(s)
INFO: board_modifier.py:494: Adding track segment (F.Cu): [(154940000, 180657500), (156020000, 180657500)]
INFO: board_modifier.py:494: Adding track segment (F.Cu): [(156020000, 180657500), (157480000, 182117500)]
INFO: key_placer.py:512: Routing S38 with D38
INFO: key_placer.py:514: Using internal autorouter method
DEBUG: board_modifier.py:591: Routing at F.Cu layer
DEBUG: board_modifier.py:608: Netclass: Default, track width: 200000
INFO: board_modifier.py:674: Routing pad 'S38:2' at (135890000, 180657500) with pad 'D38:2' at (138430000, 182117500) using coordinate system rotated by 0 degree(s)
INFO: board_modifier.py:494: Adding track segment (F.Cu): [(135890000, 180657500), (136970000, 180657500)]
INFO: board_modifier.py:494: Adding track segment (F.Cu): [(136970000, 180657500), (138430000, 182117500)]
INFO: key_placer.py:512: Routing S37 with D37
INFO: key_placer.py:514: Using internal autorouter method
DEBUG: board_modifier.py:591: Routing at F.Cu layer
DEBUG: board_modifier.py:608: Netclass: Default, track width: 200000
INFO: board_modifier.py:674: Routing pad 'S37:2' at (116840000, 180657500) with pad 'D37:2' at (119380000, 182117500) using coordinate system rotated by 0 degree(s)
INFO: board_modifier.py:494: Adding track segment (F.Cu): [(116840000, 180657500), (117920000, 180657500)]
INFO: board_modifier.py:494: Adding track segment (F.Cu): [(117920000, 180657500), (119380000, 182117500)]
INFO: key_placer.py:512: Routing S36 with D36
INFO: key_placer.py:514: Using internal autorouter method
DEBUG: board_modifier.py:591: Routing at F.Cu layer
DEBUG: board_modifier.py:608: Netclass: Default, track width: 200000
INFO: board_modifier.py:674: Routing pad 'S36:2' at (97790000, 180657500) with pad 'D36:2' at (100330000, 182117500) using coordinate system rotated by 0 degree(s)
INFO: board_modifier.py:494: Adding track segment (F.Cu): [(97790000, 180657500), (98870000, 180657500)]
INFO: board_modifier.py:494: Adding track segment (F.Cu): [(98870000, 180657500), (100330000, 182117500)]
INFO: key_placer.py:512: Routing S35 with D35
INFO: key_placer.py:514: Using internal autorouter method
DEBUG: board_modifier.py:591: Routing at F.Cu layer
DEBUG: board_modifier.py:608: Netclass: Default, track width: 200000
INFO: board_modifier.py:674: Routing pad 'S35:2' at (154940000, 161607500) with pad 'D35:2' at (157480000, 163067500) using coordinate system rotated by 0 degree(s)
INFO: board_modifier.py:494: Adding track segment (F.Cu): [(154940000, 161607500), (156020000, 161607500)]
INFO: board_modifier.py:494: Adding track segment (F.Cu): [(156020000, 161607500), (157480000, 163067500)]
INFO: key_placer.py:512: Routing S34 with D34
INFO: key_placer.py:514: Using internal autorouter method
DEBUG: board_modifier.py:591: Routing at F.Cu layer
DEBUG: board_modifier.py:608: Netclass: Default, track width: 200000
INFO: board_modifier.py:674: Routing pad 'S34:2' at (135890000, 156845000) with pad 'D34:2' at (138430000, 158305000) using coordinate system rotated by 0 degree(s)
INFO: board_modifier.py:494: Adding track segment (F.Cu): [(135890000, 156845000), (136970000, 156845000)]
INFO: board_modifier.py:494: Adding track segment (F.Cu): [(136970000, 156845000), (138430000, 158305000)]
INFO: key_placer.py:512: Routing S33 with D33
INFO: key_placer.py:514: Using internal autorouter method
DEBUG: board_modifier.py:591: Routing at F.Cu layer
DEBUG: board_modifier.py:608: Netclass: Default, track width: 200000
INFO: board_modifier.py:674: Routing pad 'S33:2' at (59690000, 156845000) with pad 'D33:2' at (62230000, 158305000) using coordinate system rotated by 0 degree(s)
INFO: board_modifier.py:494: Adding track segment (F.Cu): [(59690000, 156845000), (60770000, 156845000)]
INFO: board_modifier.py:494: Adding track segment (F.Cu): [(60770000, 156845000), (62230000, 158305000)]
INFO: key_placer.py:512: Routing S32 with D32
INFO: key_placer.py:514: Using internal autorouter method
DEBUG: board_modifier.py:591: Routing at F.Cu layer
DEBUG: board_modifier.py:608: Netclass: Default, track width: 200000
INFO: board_modifier.py:674: Routing pad 'S32:2' at (40640000, 156845000) with pad 'D32:2' at (43180000, 158305000) using coordinate system rotated by 0 degree(s)
INFO: board_modifier.py:494: Adding track segment (F.Cu): [(40640000, 156845000), (41720000, 156845000)]
INFO: board_modifier.py:494: Adding track segment (F.Cu): [(41720000, 156845000), (43180000, 158305000)]
INFO: key_placer.py:512: Routing S31 with D31
INFO: key_placer.py:514: Using internal autorouter method
DEBUG: board_modifier.py:591: Routing at F.Cu layer
DEBUG: board_modifier.py:608: Netclass: Default, track width: 200000
INFO: board_modifier.py:674: Routing pad 'S31:2' at (116840000, 152082500) with pad 'D31:2' at (119380000, 153542500) using coordinate system rotated by 0 degree(s)
INFO: board_modifier.py:494: Adding track segment (F.Cu): [(116840000, 152082500), (117920000, 152082500)]
INFO: board_modifier.py:494: Adding track segment (F.Cu): [(117920000, 152082500), (119380000, 153542500)]
INFO: key_placer.py:512: Routing S30 with D30
INFO: key_placer.py:514: Using internal autorouter method
DEBUG: board_modifier.py:591: Routing at F.Cu layer
DEBUG: board_modifier.py:608: Netclass: Default, track width: 200000
INFO: board_modifier.py:674: Routing pad 'S30:2' at (78740000, 152082500) with pad 'D30:2' at (81280000, 153542500) using coordinate system rotated by 0 degree(s)
INFO: board_modifier.py:494: Adding track segment (F.Cu): [(78740000, 152082500), (79820000, 152082500)]
INFO: board_modifier.py:494: Adding track segment (F.Cu): [(79820000, 152082500), (81280000, 153542500)]
INFO: key_placer.py:512: Routing S29 with D29
INFO: key_placer.py:514: Using internal autorouter method
DEBUG: board_modifier.py:591: Routing at F.Cu layer
DEBUG: board_modifier.py:608: Netclass: Default, track width: 200000
INFO: board_modifier.py:674: Routing pad 'S29:2' at (97790000, 147320000) with pad 'D29:2' at (100330000, 148780000) using coordinate system rotated by 0 degree(s)
INFO: board_modifier.py:494: Adding track segment (F.Cu): [(97790000, 147320000), (98870000, 147320000)]
INFO: board_modifier.py:494: Adding track segment (F.Cu): [(98870000, 147320000), (100330000, 148780000)]
INFO: key_placer.py:512: Routing S28 with D28
INFO: key_placer.py:514: Using internal autorouter method
DEBUG: board_modifier.py:591: Routing at F.Cu layer
DEBUG: board_modifier.py:608: Netclass: Default, track width: 200000
INFO: board_modifier.py:674: Routing pad 'S28:2' at (154940000, 142557500) with pad 'D28:2' at (157480000, 144017500) using coordinate system rotated by 0 degree(s)
INFO: board_modifier.py:494: Adding track segment (F.Cu): [(154940000, 142557500), (156020000, 142557500)]
INFO: board_modifier.py:494: Adding track segment (F.Cu): [(156020000, 142557500), (157480000, 144017500)]
INFO: key_placer.py:512: Routing S27 with D27
INFO: key_placer.py:514: Using internal autorouter method
DEBUG: board_modifier.py:591: Routing at F.Cu layer
DEBUG: board_modifier.py:608: Netclass: Default, track width: 200000
INFO: board_modifier.py:674: Routing pad 'S27:2' at (135890000, 137795000) with pad 'D27:2' at (138430000, 139255000) using coordinate system rotated by 0 degree(s)
INFO: board_modifier.py:494: Adding track segment (F.Cu): [(135890000, 137795000), (136970000, 137795000)]
INFO: board_modifier.py:494: Adding track segment (F.Cu): [(136970000, 137795000), (138430000, 139255000)]
INFO: key_placer.py:512: Routing S26 with D26
INFO: key_placer.py:514: Using internal autorouter method
DEBUG: board_modifier.py:591: Routing at F.Cu layer
DEBUG: board_modifier.py:608: Netclass: Default, track width: 200000
INFO: board_modifier.py:674: Routing pad 'S26:2' at (59690000, 137795000) with pad 'D26:2' at (62230000, 139255000) using coordinate system rotated by 0 degree(s)
INFO: board_modifier.py:494: Adding track segment (F.Cu): [(59690000, 137795000), (60770000, 137795000)]
INFO: board_modifier.py:494: Adding track segment (F.Cu): [(60770000, 137795000), (62230000, 139255000)]
INFO: key_placer.py:512: Routing S25 with D25
INFO: key_placer.py:514: Using internal autorouter method
DEBUG: board_modifier.py:591: Routing at F.Cu layer
DEBUG: board_modifier.py:608: Netclass: Default, track width: 200000
INFO: board_modifier.py:674: Routing pad 'S25:2' at (40640000, 137795000) with pad 'D25:2' at (43180000, 139255000) using coordinate system rotated by 0 degree(s)
INFO: board_modifier.py:494: Adding track segment (F.Cu): [(40640000, 137795000), (41720000, 137795000)]
INFO: board_modifier.py:494: Adding track segment (F.Cu): [(41720000, 137795000), (43180000, 139255000)]
INFO: key_placer.py:512: Routing S24 with D24
INFO: key_placer.py:514: Using internal autorouter method
DEBUG: board_modifier.py:591: Routing at F.Cu layer
DEBUG: board_modifier.py:608: Netclass: Default, track width: 200000
INFO: board_modifier.py:674: Routing pad 'S24:2' at (116840000, 133032500) with pad 'D24:2' at (119380000, 134492500) using coordinate system rotated by 0 degree(s)
INFO: board_modifier.py:494: Adding track segment (F.Cu): [(116840000, 133032500), (117920000, 133032500)]
INFO: board_modifier.py:494: Adding track segment (F.Cu): [(117920000, 133032500), (119380000, 134492500)]
INFO: key_placer.py:512: Routing S23 with D23
INFO: key_placer.py:514: Using internal autorouter method
DEBUG: board_modifier.py:591: Routing at F.Cu layer
DEBUG: board_modifier.py:608: Netclass: Default, track width: 200000
INFO: board_modifier.py:674: Routing pad 'S23:2' at (78740000, 133032500) with pad 'D23:2' at (81280000, 134492500) using coordinate system rotated by 0 degree(s)
INFO: board_modifier.py:494: Adding track segment (F.Cu): [(78740000, 133032500), (79820000, 133032500)]
INFO: board_modifier.py:494: Adding track segment (F.Cu): [(79820000, 133032500), (81280000, 134492500)]
INFO: key_placer.py:512: Routing S22 with D22
INFO: key_placer.py:514: Using internal autorouter method
DEBUG: board_modifier.py:591: Routing at F.Cu layer
DEBUG: board_modifier.py:608: Netclass: Default, track width: 200000
INFO: board_modifier.py:674: Routing pad 'S22:2' at (97790000, 128270000) with pad 'D22:2' at (100330000, 129730000) using coordinate system rotated by 0 degree(s)
INFO: board_modifier.py:494: Adding track segment (F.Cu): [(97790000, 128270000), (98870000, 128270000)]
INFO: board_modifier.py:494: Adding track segment (F.Cu): [(98870000, 128270000), (100330000, 129730000)]
INFO: key_placer.py:512: Routing S21 with D21
INFO: key_placer.py:514: Using internal autorouter method
DEBUG: board_modifier.py:591: Routing at F.Cu layer
DEBUG: board_modifier.py:608: Netclass: Default, track width: 200000
INFO: board_modifier.py:674: Routing pad 'S21:2' at (154940000, 123507500) with pad 'D21:2' at (157480000, 124967500) using coordinate system rotated by 0 degree(s)
INFO: board_modifier.py:494: Adding track segment (F.Cu): [(154940000, 123507500), (156020000, 123507500)]
INFO: board_modifier.py:494: Adding track segment (F.Cu): [(156020000, 123507500), (157480000, 124967500)]
INFO: key_placer.py:512: Routing S20 with D20
INFO: key_placer.py:514: Using internal autorouter method
DEBUG: board_modifier.py:591: Routing at F.Cu layer
DEBUG: board_modifier.py:608: Netclass: Default, track width: 200000
INFO: board_modifier.py:674: Routing pad 'S20:2' at (135890000, 118745000) with pad 'D20:2' at (138430000, 120205000) using coordinate system rotated by 0 degree(s)
INFO: board_modifier.py:494: Adding track segment (F.Cu): [(135890000, 118745000), (136970000, 118745000)]
INFO: board_modifier.py:494: Adding track segment (F.Cu): [(136970000, 118745000), (138430000, 120205000)]
INFO: key_placer.py:512: Routing S19 with D19
INFO: key_placer.py:514: Using internal autorouter method
DEBUG: board_modifier.py:591: Routing at F.Cu layer
DEBUG: board_modifier.py:608: Netclass: Default, track width: 200000
INFO: board_modifier.py:674: Routing pad 'S19:2' at (59690000, 118745000) with pad 'D19:2' at (62230000, 120205000) using coordinate system rotated by 0 degree(s)
INFO: board_modifier.py:494: Adding track segment (F.Cu): [(59690000, 118745000), (60770000, 118745000)]
INFO: board_modifier.py:494: Adding track segment (F.Cu): [(60770000, 118745000), (62230000, 120205000)]
INFO: key_placer.py:512: Routing S18 with D18
INFO: key_placer.py:514: Using internal autorouter method
DEBUG: board_modifier.py:591: Routing at F.Cu layer
DEBUG: board_modifier.py:608: Netclass: Default, track width: 200000
INFO: board_modifier.py:674: Routing pad 'S18:2' at (40640000, 118745000) with pad 'D18:2' at (43180000, 120205000) using coordinate system rotated by 0 degree(s)
INFO: board_modifier.py:494: Adding track segment (F.Cu): [(40640000, 118745000), (41720000, 118745000)]
INFO: board_modifier.py:494: Adding track segment (F.Cu): [(41720000, 118745000), (43180000, 120205000)]
INFO: key_placer.py:512: Routing S17 with D17
INFO: key_placer.py:514: Using internal autorouter method
DEBUG: board_modifier.py:591: Routing at F.Cu layer
DEBUG: board_modifier.py:608: Netclass: Default, track width: 200000
INFO: board_modifier.py:674: Routing pad 'S17:2' at (116840000, 113982500) with pad 'D17:2' at (119380000, 115442500) using coordinate system rotated by 0 degree(s)
INFO: board_modifier.py:494: Adding track segment (F.Cu): [(116840000, 113982500), (117920000, 113982500)]
INFO: board_modifier.py:494: Adding track segment (F.Cu): [(117920000, 113982500), (119380000, 115442500)]
INFO: key_placer.py:512: Routing S16 with D16
INFO: key_placer.py:514: Using internal autorouter method
DEBUG: board_modifier.py:591: Routing at F.Cu layer
DEBUG: board_modifier.py:608: Netclass: Default, track width: 200000
INFO: board_modifier.py:674: Routing pad 'S16:2' at (78740000, 113982500) with pad 'D16:2' at (81280000, 115442500) using coordinate system rotated by 0 degree(s)
INFO: board_modifier.py:494: Adding track segment (F.Cu): [(78740000, 113982500), (79820000, 113982500)]
INFO: board_modifier.py:494: Adding track segment (F.Cu): [(79820000, 113982500), (81280000, 115442500)]
INFO: key_placer.py:512: Routing S15 with D15
INFO: key_placer.py:514: Using internal autorouter method
DEBUG: board_modifier.py:591: Routing at F.Cu layer
DEBUG: board_modifier.py:608: Netclass: Default, track width: 200000
INFO: board_modifier.py:674: Routing pad 'S15:2' at (97790000, 109220000) with pad 'D15:2' at (100330000, 110680000) using coordinate system rotated by 0 degree(s)
INFO: board_modifier.py:494: Adding track segment (F.Cu): [(97790000, 109220000), (98870000, 109220000)]
INFO: board_modifier.py:494: Adding track segment (F.Cu): [(98870000, 109220000), (100330000, 110680000)]
INFO: key_placer.py:512: Routing S14 with D14
INFO: key_placer.py:514: Using internal autorouter method
DEBUG: board_modifier.py:591: Routing at F.Cu layer
DEBUG: board_modifier.py:608: Netclass: Default, track width: 200000
INFO: board_modifier.py:674: Routing pad 'S14:2' at (154940000, 104457500) with pad 'D14:2' at (157480000, 105917500) using coordinate system rotated by 0 degree(s)
INFO: board_modifier.py:494: Adding track segment (F.Cu): [(154940000, 104457500), (156020000, 104457500)]
INFO: board_modifier.py:494: Adding track segment (F.Cu): [(156020000, 104457500), (157480000, 105917500)]
INFO: key_placer.py:512: Routing S13 with D13
INFO: key_placer.py:514: Using internal autorouter method
DEBUG: board_modifier.py:591: Routing at F.Cu layer
DEBUG: board_modifier.py:608: Netclass: Default, track width: 200000
INFO: board_modifier.py:674: Routing pad 'S13:2' at (135890000, 99695000) with pad 'D13:2' at (138430000, 101155000) using coordinate system rotated by 0 degree(s)
INFO: board_modifier.py:494: Adding track segment (F.Cu): [(135890000, 99695000), (136970000, 99695000)]
INFO: board_modifier.py:494: Adding track segment (F.Cu): [(136970000, 99695000), (138430000, 101155000)]
INFO: key_placer.py:512: Routing S12 with D12
INFO: key_placer.py:514: Using internal autorouter method
DEBUG: board_modifier.py:591: Routing at F.Cu layer
DEBUG: board_modifier.py:608: Netclass: Default, track width: 200000
INFO: board_modifier.py:674: Routing pad 'S12:2' at (59690000, 99695000) with pad 'D12:2' at (62230000, 101155000) using coordinate system rotated by 0 degree(s)
INFO: board_modifier.py:494: Adding track segment (F.Cu): [(59690000, 99695000), (60770000, 99695000)]
INFO: board_modifier.py:494: Adding track segment (F.Cu): [(60770000, 99695000), (62230000, 101155000)]
INFO: key_placer.py:512: Routing S11 with D11
INFO: key_placer.py:514: Using internal autorouter method
DEBUG: board_modifier.py:591: Routing at F.Cu layer
DEBUG: board_modifier.py:608: Netclass: Default, track width: 200000
INFO: board_modifier.py:674: Routing pad 'S11:2' at (40640000, 99695000) with pad 'D11:2' at (43180000, 101155000) using coordinate system rotated by 0 degree(s)
INFO: board_modifier.py:494: Adding track segment (F.Cu): [(40640000, 99695000), (41720000, 99695000)]
INFO: board_modifier.py:494: Adding track segment (F.Cu): [(41720000, 99695000), (43180000, 101155000)]
INFO: key_placer.py:512: Routing S10 with D10
INFO: key_placer.py:514: Using internal autorouter method
DEBUG: board_modifier.py:591: Routing at F.Cu layer
DEBUG: board_modifier.py:608: Netclass: Default, track width: 200000
INFO: board_modifier.py:674: Routing pad 'S10:2' at (116840000, 94932500) with pad 'D10:2' at (119380000, 96392500) using coordinate system rotated by 0 degree(s)
INFO: board_modifier.py:494: Adding track segment (F.Cu): [(116840000, 94932500), (117920000, 94932500)]
INFO: board_modifier.py:494: Adding track segment (F.Cu): [(117920000, 94932500), (119380000, 96392500)]
INFO: key_placer.py:512: Routing S9 with D9
INFO: key_placer.py:514: Using internal autorouter method
DEBUG: board_modifier.py:591: Routing at F.Cu layer
DEBUG: board_modifier.py:608: Netclass: Default, track width: 200000
INFO: board_modifier.py:674: Routing pad 'S9:2' at (78740000, 94932500) with pad 'D9:2' at (81280000, 96392500) using coordinate system rotated by 0 degree(s)
INFO: board_modifier.py:494: Adding track segment (F.Cu): [(78740000, 94932500), (79820000, 94932500)]
INFO: board_modifier.py:494: Adding track segment (F.Cu): [(79820000, 94932500), (81280000, 96392500)]
INFO: key_placer.py:512: Routing S8 with D8
INFO: key_placer.py:514: Using internal autorouter method
DEBUG: board_modifier.py:591: Routing at F.Cu layer
DEBUG: board_modifier.py:608: Netclass: Default, track width: 200000
INFO: board_modifier.py:674: Routing pad 'S8:2' at (97790000, 90170000) with pad 'D8:2' at (100330000, 91630000) using coordinate system rotated by 0 degree(s)
INFO: board_modifier.py:494: Adding track segment (F.Cu): [(97790000, 90170000), (98870000, 90170000)]
INFO: board_modifier.py:494: Adding track segment (F.Cu): [(98870000, 90170000), (100330000, 91630000)]
INFO: key_placer.py:512: Routing S7 with D7
INFO: key_placer.py:514: Using internal autorouter method
DEBUG: board_modifier.py:591: Routing at F.Cu layer
DEBUG: board_modifier.py:608: Netclass: Default, track width: 200000
INFO: board_modifier.py:674: Routing pad 'S7:2' at (154940000, 85407500) with pad 'D7:2' at (157480000, 86867500) using coordinate system rotated by 0 degree(s)
INFO: board_modifier.py:494: Adding track segment (F.Cu): [(154940000, 85407500), (156020000, 85407500)]
INFO: board_modifier.py:494: Adding track segment (F.Cu): [(156020000, 85407500), (157480000, 86867500)]
INFO: key_placer.py:512: Routing S6 with D6
INFO: key_placer.py:514: Using internal autorouter method
DEBUG: board_modifier.py:591: Routing at F.Cu layer
DEBUG: board_modifier.py:608: Netclass: Default, track width: 200000
INFO: board_modifier.py:674: Routing pad 'S6:2' at (135890000, 80645000) with pad 'D6:2' at (138430000, 82105000) using coordinate system rotated by 0 degree(s)
INFO: key_placer.py:512: Routing S5 with D5
INFO: key_placer.py:514: Using internal autorouter method
DEBUG: board_modifier.py:591: Routing at F.Cu layer
DEBUG: board_modifier.py:608: Netclass: Default, track width: 200000
INFO: board_modifier.py:674: Routing pad 'S5:2' at (59690000, 80645000) with pad 'D5:2' at (62230000, 82105000) using coordinate system rotated by 0 degree(s)
INFO: board_modifier.py:494: Adding track segment (F.Cu): [(59690000, 80645000), (60770000, 80645000)]
INFO: board_modifier.py:494: Adding track segment (F.Cu): [(60770000, 80645000), (62230000, 82105000)]
INFO: key_placer.py:512: Routing S4 with D4
INFO: key_placer.py:514: Using internal autorouter method
DEBUG: board_modifier.py:591: Routing at F.Cu layer
DEBUG: board_modifier.py:608: Netclass: Default, track width: 200000
INFO: board_modifier.py:674: Routing pad 'S4:2' at (40640000, 80645000) with pad 'D4:2' at (43180000, 82105000) using coordinate system rotated by 0 degree(s)
INFO: board_modifier.py:494: Adding track segment (F.Cu): [(40640000, 80645000), (41720000, 80645000)]
INFO: board_modifier.py:494: Adding track segment (F.Cu): [(41720000, 80645000), (43180000, 82105000)]
INFO: key_placer.py:512: Routing S3 with D3
INFO: key_placer.py:514: Using internal autorouter method
DEBUG: board_modifier.py:591: Routing at F.Cu layer
DEBUG: board_modifier.py:608: Netclass: Default, track width: 200000
INFO: board_modifier.py:674: Routing pad 'S3:2' at (116840000, 75882500) with pad 'D3:2' at (119380000, 77342500) using coordinate system rotated by 0 degree(s)
INFO: board_modifier.py:494: Adding track segment (F.Cu): [(116840000, 75882500), (118300000, 77342500)]
INFO: board_modifier.py:494: Adding track segment (F.Cu): [(118300000, 77342500), (119380000, 77342500)]
INFO: key_placer.py:512: Routing S2 with D2
INFO: key_placer.py:514: Using internal autorouter method
DEBUG: board_modifier.py:591: Routing at F.Cu layer
DEBUG: board_modifier.py:608: Netclass: Default, track width: 200000
INFO: board_modifier.py:674: Routing pad 'S2:2' at (78740000, 75882500) with pad 'D2:2' at (81280000, 77342500) using coordinate system rotated by 0 degree(s)
INFO: board_modifier.py:494: Adding track segment (F.Cu): [(78740000, 75882500), (79820000, 75882500)]
INFO: board_modifier.py:494: Adding track segment (F.Cu): [(79820000, 75882500), (81280000, 77342500)]
INFO: key_placer.py:512: Routing S1 with D1
INFO: key_placer.py:514: Using internal autorouter method
DEBUG: board_modifier.py:591: Routing at F.Cu layer
DEBUG: board_modifier.py:608: Netclass: Default, track width: 200000
INFO: board_modifier.py:674: Routing pad 'S1:2' at (97790000, 71120000) with pad 'D1:2' at (100330000, 72580000) using coordinate system rotated by 0 degree(s)
INFO: board_modifier.py:494: Adding track segment (F.Cu): [(97790000, 71120000), (98870000, 71120000)]
INFO: board_modifier.py:494: Adding track segment (F.Cu): [(98870000, 71120000), (100330000, 72580000)]
INFO: key_placer.py:1035: Routing /row 1 pads
DEBUG: board_modifier.py:591: Routing at F.Cu layer
DEBUG: board_modifier.py:608: Netclass: Default, track width: 200000
INFO: board_modifier.py:674: Routing pad 'D11:1' at (43180000, 108775000) with pad 'D12:1' at (62230000, 108775000) using coordinate system rotated by 0 degree(s)
INFO: board_modifier.py:494: Adding track segment (F.Cu): [(43180000, 108775000), (62230000, 108775000)]
DEBUG: board_modifier.py:591: Routing at F.Cu layer
DEBUG: board_modifier.py:608: Netclass: Default, track width: 200000
INFO: board_modifier.py:674: Routing pad 'D12:1' at (62230000, 108775000) with pad 'D9:1' at (81280000, 104012500) using coordinate system rotated by 0 degree(s)
INFO: board_modifier.py:494: Adding track segment (F.Cu): [(62230000, 108775000), (76517500, 108775000)]
INFO: board_modifier.py:494: Adding track segment (F.Cu): [(76517500, 108775000), (81280000, 104012500)]
DEBUG: board_modifier.py:591: Routing at F.Cu layer
DEBUG: board_modifier.py:608: Netclass: Default, track width: 200000
INFO: board_modifier.py:674: Routing pad 'D9:1' at (81280000, 104012500) with pad 'D8:1' at (100330000, 99250000) using coordinate system rotated by 0 degree(s)
INFO: board_modifier.py:494: Adding track segment (F.Cu): [(81280000, 104012500), (95567500, 104012500)]
INFO: board_modifier.py:494: Adding track segment (F.Cu): [(95567500, 104012500), (100330000, 99250000)]
DEBUG: board_modifier.py:591: Routing at F.Cu layer
DEBUG: board_modifier.py:608: Netclass: Default, track width: 200000
INFO: board_modifier.py:674: Routing pad 'D8:1' at (100330000, 99250000) with pad 'D10:1' at (119380000, 104012500) using coordinate system rotated by 0 degree(s)
INFO: board_modifier.py:494: Adding track segment (F.Cu): [(100330000, 99250000), (105092500, 104012500)]
INFO: board_modifier.py:494: Adding track segment (F.Cu): [(105092500, 104012500), (119380000, 104012500)]
DEBUG: board_modifier.py:591: Routing at F.Cu layer
DEBUG: board_modifier.py:608: Netclass: Default, track width: 200000
INFO: board_modifier.py:674: Routing pad 'D10:1' at (119380000, 104012500) with pad 'U1:2' at (134840000, 65790000) using coordinate system rotated by 0 degree(s)
DEBUG: board_modifier.py:591: Routing at F.Cu layer
DEBUG: board_modifier.py:608: Netclass: Default, track width: 200000
INFO: board_modifier.py:674: Routing pad 'D10:1' at (119380000, 104012500) with pad 'D13:1' at (138430000, 108775000) using coordinate system rotated by 0 degree(s)
INFO: board_modifier.py:494: Adding track segment (F.Cu): [(119380000, 104012500), (124142500, 108775000)]
INFO: board_modifier.py:494: Adding track segment (F.Cu): [(124142500, 108775000), (138430000, 108775000)]
DEBUG: board_modifier.py:591: Routing at F.Cu layer
DEBUG: board_modifier.py:608: Netclass: Default, track width: 200000
INFO: board_modifier.py:674: Routing pad 'D13:1' at (138430000, 108775000) with pad 'D14:1' at (157480000, 113537500) using coordinate system rotated by 0 degree(s)
INFO: board_modifier.py:494: Adding track segment (F.Cu): [(138430000, 108775000), (143192500, 113537500)]
INFO: board_modifier.py:494: Adding track segment (F.Cu): [(143192500, 113537500), (157480000, 113537500)]
INFO: key_placer.py:1035: Routing /colum 2 pads
DEBUG: board_modifier.py:591: Routing at F.Cu layer
DEBUG: board_modifier.py:608: Netclass: Default, track width: 200000
INFO: board_modifier.py:674: Routing pad 'S3:1' at (110490000, 78422500) with pad 'S10:1' at (110490000, 97472500) using coordinate system rotated by 0 degree(s)
INFO: board_modifier.py:494: Adding track segment (F.Cu): [(110490000, 78422500), (110490000, 97472500)]
DEBUG: board_modifier.py:591: Routing at F.Cu layer
DEBUG: board_modifier.py:608: Netclass: Default, track width: 200000
INFO: board_modifier.py:674: Routing pad 'S10:1' at (110490000, 97472500) with pad 'S17:1' at (110490000, 116522500) using coordinate system rotated by 0 degree(s)
INFO: board_modifier.py:494: Adding track segment (F.Cu): [(110490000, 97472500), (110490000, 116522500)]
INFO: board_modifier.py:503: Could not add track segment due to detected collision
DEBUG: board_modifier.py:591: Routing at F.Cu layer
DEBUG: board_modifier.py:608: Netclass: Default, track width: 200000
INFO: board_modifier.py:674: Routing pad 'S17:1' at (110490000, 116522500) with pad 'S24:1' at (110490000, 135572500) using coordinate system rotated by 0 degree(s)
INFO: board_modifier.py:494: Adding track segment (F.Cu): [(110490000, 116522500), (110490000, 135572500)]
DEBUG: board_modifier.py:591: Routing at F.Cu layer
DEBUG: board_modifier.py:608: Netclass: Default, track width: 200000
INFO: board_modifier.py:674: Routing pad 'S24:1' at (110490000, 135572500) with pad 'S31:1' at (110490000, 154622500) using coordinate system rotated by 0 degree(s)
INFO: board_modifier.py:494: Adding track segment (F.Cu): [(110490000, 135572500), (110490000, 154622500)]
DEBUG: board_modifier.py:591: Routing at F.Cu layer
DEBUG: board_modifier.py:608: Netclass: Default, track width: 200000
INFO: board_modifier.py:674: Routing pad 'S3:1' at (110490000, 78422500) with pad 'U1:9' at (134840000, 83570000) using coordinate system rotated by 0 degree(s)
INFO: key_placer.py:1035: Routing /row 3 pads
DEBUG: board_modifier.py:591: Routing at F.Cu layer
DEBUG: board_modifier.py:608: Netclass: Default, track width: 200000
INFO: board_modifier.py:674: Routing pad 'D25:1' at (43180000, 146875000) with pad 'D26:1' at (62230000, 146875000) using coordinate system rotated by 0 degree(s)
INFO: board_modifier.py:494: Adding track segment (F.Cu): [(43180000, 146875000), (62230000, 146875000)]
DEBUG: board_modifier.py:591: Routing at F.Cu layer
DEBUG: board_modifier.py:608: Netclass: Default, track width: 200000
INFO: board_modifier.py:674: Routing pad 'D26:1' at (62230000, 146875000) with pad 'D23:1' at (81280000, 142112500) using coordinate system rotated by 0 degree(s)
INFO: board_modifier.py:494: Adding track segment (F.Cu): [(62230000, 146875000), (76517500, 146875000)]
INFO: board_modifier.py:494: Adding track segment (F.Cu): [(76517500, 146875000), (81280000, 142112500)]
DEBUG: board_modifier.py:591: Routing at F.Cu layer
DEBUG: board_modifier.py:608: Netclass: Default, track width: 200000
INFO: board_modifier.py:674: Routing pad 'D23:1' at (81280000, 142112500) with pad 'D22:1' at (100330000, 137350000) using coordinate system rotated by 0 degree(s)
INFO: board_modifier.py:494: Adding track segment (F.Cu): [(81280000, 142112500), (95567500, 142112500)]
INFO: board_modifier.py:494: Adding track segment (F.Cu): [(95567500, 142112500), (100330000, 137350000)]
DEBUG: board_modifier.py:591: Routing at F.Cu layer
DEBUG: board_modifier.py:608: Netclass: Default, track width: 200000
INFO: board_modifier.py:674: Routing pad 'D22:1' at (100330000, 137350000) with pad 'D24:1' at (119380000, 142112500) using coordinate system rotated by 0 degree(s)
DEBUG: board_modifier.py:591: Routing at F.Cu layer
DEBUG: board_modifier.py:608: Netclass: Default, track width: 200000
INFO: board_modifier.py:674: Routing pad 'D24:1' at (119380000, 142112500) with pad 'U1:4' at (134840000, 70870000) using coordinate system rotated by 0 degree(s)
DEBUG: board_modifier.py:591: Routing at F.Cu layer
DEBUG: board_modifier.py:608: Netclass: Default, track width: 200000
INFO: board_modifier.py:674: Routing pad 'D24:1' at (119380000, 142112500) with pad 'D27:1' at (138430000, 146875000) using coordinate system rotated by 0 degree(s)
INFO: board_modifier.py:494: Adding track segment (F.Cu): [(119380000, 142112500), (124142500, 146875000)]
INFO: board_modifier.py:494: Adding track segment (F.Cu): [(124142500, 146875000), (138430000, 146875000)]
DEBUG: board_modifier.py:591: Routing at F.Cu layer
DEBUG: board_modifier.py:608: Netclass: Default, track width: 200000
INFO: board_modifier.py:674: Routing pad 'D27:1' at (138430000, 146875000) with pad 'D28:1' at (157480000, 151637500) using coordinate system rotated by 0 degree(s)
INFO: board_modifier.py:494: Adding track segment (F.Cu): [(138430000, 146875000), (143192500, 151637500)]
INFO: board_modifier.py:494: Adding track segment (F.Cu): [(143192500, 151637500), (157480000, 151637500)]
INFO: key_placer.py:1035: Routing /colum 1 pads
DEBUG: board_modifier.py:591: Routing at F.Cu layer
DEBUG: board_modifier.py:608: Netclass: Default, track width: 200000
INFO: board_modifier.py:674: Routing pad 'S2:1' at (72390000, 78422500) with pad 'S9:1' at (72390000, 97472500) using coordinate system rotated by 0 degree(s)
INFO: board_modifier.py:494: Adding track segment (F.Cu): [(72390000, 78422500), (72390000, 97472500)]
DEBUG: board_modifier.py:591: Routing at F.Cu layer
DEBUG: board_modifier.py:608: Netclass: Default, track width: 200000
INFO: board_modifier.py:674: Routing pad 'S9:1' at (72390000, 97472500) with pad 'S16:1' at (72390000, 116522500) using coordinate system rotated by 0 degree(s)
INFO: board_modifier.py:494: Adding track segment (F.Cu): [(72390000, 97472500), (72390000, 116522500)]
INFO: board_modifier.py:503: Could not add track segment due to detected collision
DEBUG: board_modifier.py:591: Routing at F.Cu layer
DEBUG: board_modifier.py:608: Netclass: Default, track width: 200000
INFO: board_modifier.py:674: Routing pad 'S16:1' at (72390000, 116522500) with pad 'S23:1' at (72390000, 135572500) using coordinate system rotated by 0 degree(s)
INFO: board_modifier.py:494: Adding track segment (F.Cu): [(72390000, 116522500), (72390000, 135572500)]
DEBUG: board_modifier.py:591: Routing at F.Cu layer
DEBUG: board_modifier.py:608: Netclass: Default, track width: 200000
INFO: board_modifier.py:674: Routing pad 'S23:1' at (72390000, 135572500) with pad 'S30:1' at (72390000, 154622500) using coordinate system rotated by 0 degree(s)
INFO: board_modifier.py:494: Adding track segment (F.Cu): [(72390000, 135572500), (72390000, 154622500)]
INFO: board_modifier.py:503: Could not add track segment due to detected collision
DEBUG: board_modifier.py:591: Routing at F.Cu layer
DEBUG: board_modifier.py:608: Netclass: Default, track width: 200000
INFO: board_modifier.py:674: Routing pad 'S2:1' at (72390000, 78422500) with pad 'U1:8' at (134840000, 81030000) using coordinate system rotated by 0 degree(s)
INFO: key_placer.py:1035: Routing /colum 4 pads
DEBUG: board_modifier.py:591: Routing at F.Cu layer
DEBUG: board_modifier.py:608: Netclass: Default, track width: 200000
INFO: board_modifier.py:674: Routing pad 'S5:1' at (53340000, 83185000) with pad 'S12:1' at (53340000, 102235000) using coordinate system rotated by 0 degree(s)
INFO: board_modifier.py:494: Adding track segment (F.Cu): [(53340000, 83185000), (53340000, 102235000)]
DEBUG: board_modifier.py:591: Routing at F.Cu layer
DEBUG: board_modifier.py:608: Netclass: Default, track width: 200000
INFO: board_modifier.py:674: Routing pad 'S12:1' at (53340000, 102235000) with pad 'S19:1' at (53340000, 121285000) using coordinate system rotated by 0 degree(s)
INFO: board_modifier.py:494: Adding track segment (F.Cu): [(53340000, 102235000), (53340000, 121285000)]
INFO: board_modifier.py:503: Could not add track segment due to detected collision
DEBUG: board_modifier.py:591: Routing at F.Cu layer
DEBUG: board_modifier.py:608: Netclass: Default, track width: 200000
INFO: board_modifier.py:674: Routing pad 'S19:1' at (53340000, 121285000) with pad 'S26:1' at (53340000, 140335000) using coordinate system rotated by 0 degree(s)
INFO: board_modifier.py:494: Adding track segment (F.Cu): [(53340000, 121285000), (53340000, 140335000)]
DEBUG: board_modifier.py:591: Routing at F.Cu layer
DEBUG: board_modifier.py:608: Netclass: Default, track width: 200000
INFO: board_modifier.py:674: Routing pad 'S26:1' at (53340000, 140335000) with pad 'S33:1' at (53340000, 159385000) using coordinate system rotated by 0 degree(s)
INFO: board_modifier.py:494: Adding track segment (F.Cu): [(53340000, 140335000), (53340000, 159385000)]
INFO: board_modifier.py:503: Could not add track segment due to detected collision
DEBUG: board_modifier.py:591: Routing at F.Cu layer
DEBUG: board_modifier.py:608: Netclass: Default, track width: 200000
INFO: board_modifier.py:674: Routing pad 'S33:1' at (53340000, 159385000) with pad 'S37:1' at (110490000, 183197500) using coordinate system rotated by 0 degree(s)
DEBUG: board_modifier.py:591: Routing at F.Cu layer
DEBUG: board_modifier.py:608: Netclass: Default, track width: 200000
INFO: board_modifier.py:674: Routing pad 'S5:1' at (53340000, 83185000) with pad 'U1:11' at (129760000, 83570000) using coordinate system rotated by 0 degree(s)
INFO: key_placer.py:1035: Routing /row 0 pads
DEBUG: board_modifier.py:591: Routing at F.Cu layer
DEBUG: board_modifier.py:608: Netclass: Default, track width: 200000
INFO: board_modifier.py:674: Routing pad 'D4:1' at (43180000, 89725000) with pad 'D5:1' at (62230000, 89725000) using coordinate system rotated by 0 degree(s)
INFO: board_modifier.py:494: Adding track segment (F.Cu): [(43180000, 89725000), (62230000, 89725000)]
INFO: board_modifier.py:503: Could not add track segment due to detected collision
DEBUG: board_modifier.py:591: Routing at F.Cu layer
DEBUG: board_modifier.py:608: Netclass: Default, track width: 200000
INFO: board_modifier.py:674: Routing pad 'D5:1' at (62230000, 89725000) with pad 'D2:1' at (81280000, 84962500) using coordinate system rotated by 0 degree(s)
DEBUG: board_modifier.py:591: Routing at F.Cu layer
DEBUG: board_modifier.py:608: Netclass: Default, track width: 200000
INFO: board_modifier.py:674: Routing pad 'D2:1' at (81280000, 84962500) with pad 'D1:1' at (100330000, 80200000) using coordinate system rotated by 0 degree(s)
INFO: board_modifier.py:494: Adding track segment (F.Cu): [(81280000, 84962500), (95567500, 84962500)]
INFO: board_modifier.py:494: Adding track segment (F.Cu): [(95567500, 84962500), (100330000, 80200000)]
DEBUG: board_modifier.py:591: Routing at F.Cu layer
DEBUG: board_modifier.py:608: Netclass: Default, track width: 200000
INFO: board_modifier.py:674: Routing pad 'D1:1' at (100330000, 80200000) with pad 'D3:1' at (119380000, 84962500) using coordinate system rotated by 0 degree(s)
DEBUG: board_modifier.py:591: Routing at F.Cu layer
DEBUG: board_modifier.py:608: Netclass: Default, track width: 200000
INFO: board_modifier.py:674: Routing pad 'D3:1' at (119380000, 84962500) with pad 'U1:1' at (134840000, 63250000) using coordinate system rotated by 0 degree(s)
DEBUG: board_modifier.py:591: Routing at F.Cu layer
DEBUG: board_modifier.py:608: Netclass: Default, track width: 200000
INFO: board_modifier.py:674: Routing pad 'D3:1' at (119380000, 84962500) with pad 'D6:1' at (138430000, 89725000) using coordinate system rotated by 0 degree(s)
INFO: board_modifier.py:494: Adding track segment (F.Cu): [(119380000, 84962500), (124142500, 89725000)]
INFO: board_modifier.py:494: Adding track segment (F.Cu): [(124142500, 89725000), (138430000, 89725000)]
DEBUG: board_modifier.py:591: Routing at F.Cu layer
DEBUG: board_modifier.py:608: Netclass: Default, track width: 200000
INFO: board_modifier.py:674: Routing pad 'D6:1' at (138430000, 89725000) with pad 'D7:1' at (157480000, 94487500) using coordinate system rotated by 0 degree(s)
INFO: board_modifier.py:494: Adding track segment (F.Cu): [(138430000, 89725000), (143192500, 94487500)]
INFO: board_modifier.py:494: Adding track segment (F.Cu): [(143192500, 94487500), (157480000, 94487500)]
INFO: key_placer.py:1035: Routing /colum 6 pads
DEBUG: board_modifier.py:591: Routing at F.Cu layer
DEBUG: board_modifier.py:608: Netclass: Default, track width: 200000
INFO: board_modifier.py:674: Routing pad 'U1:13' at (124680000, 83570000) with pad 'S7:1' at (148590000, 87947500) using coordinate system rotated by 0 degree(s)
DEBUG: board_modifier.py:591: Routing at F.Cu layer
DEBUG: board_modifier.py:608: Netclass: Default, track width: 200000
INFO: board_modifier.py:674: Routing pad 'S7:1' at (148590000, 87947500) with pad 'S14:1' at (148590000, 106997500) using coordinate system rotated by 0 degree(s)
INFO: board_modifier.py:494: Adding track segment (F.Cu): [(148590000, 87947500), (148590000, 106997500)]
INFO: board_modifier.py:503: Could not add track segment due to detected collision
DEBUG: board_modifier.py:591: Routing at F.Cu layer
DEBUG: board_modifier.py:608: Netclass: Default, track width: 200000
INFO: board_modifier.py:674: Routing pad 'S14:1' at (148590000, 106997500) with pad 'S21:1' at (148590000, 126047500) using coordinate system rotated by 0 degree(s)
INFO: board_modifier.py:494: Adding track segment (F.Cu): [(148590000, 106997500), (148590000, 126047500)]
INFO: board_modifier.py:503: Could not add track segment due to detected collision
DEBUG: board_modifier.py:591: Routing at F.Cu layer
DEBUG: board_modifier.py:608: Netclass: Default, track width: 200000
INFO: board_modifier.py:674: Routing pad 'S21:1' at (148590000, 126047500) with pad 'S28:1' at (148590000, 145097500) using coordinate system rotated by 0 degree(s)
INFO: board_modifier.py:494: Adding track segment (F.Cu): [(148590000, 126047500), (148590000, 145097500)]
DEBUG: board_modifier.py:591: Routing at F.Cu layer
DEBUG: board_modifier.py:608: Netclass: Default, track width: 200000
INFO: board_modifier.py:674: Routing pad 'S28:1' at (148590000, 145097500) with pad 'S35:1' at (148590000, 164147500) using coordinate system rotated by 0 degree(s)
INFO: board_modifier.py:494: Adding track segment (F.Cu): [(148590000, 145097500), (148590000, 164147500)]
INFO: board_modifier.py:503: Could not add track segment due to detected collision
DEBUG: board_modifier.py:591: Routing at F.Cu layer
DEBUG: board_modifier.py:608: Netclass: Default, track width: 200000
INFO: board_modifier.py:674: Routing pad 'S35:1' at (148590000, 164147500) with pad 'S39:1' at (148590000, 183197500) using coordinate system rotated by 0 degree(s)
INFO: board_modifier.py:494: Adding track segment (F.Cu): [(148590000, 164147500), (148590000, 183197500)]
INFO: key_placer.py:1035: Routing /colum 0 pads
DEBUG: board_modifier.py:591: Routing at F.Cu layer
DEBUG: board_modifier.py:608: Netclass: Default, track width: 200000
INFO: board_modifier.py:674: Routing pad 'S1:1' at (91440000, 73660000) with pad 'S8:1' at (91440000, 92710000) using coordinate system rotated by 0 degree(s)
INFO: board_modifier.py:494: Adding track segment (F.Cu): [(91440000, 73660000), (91440000, 92710000)]
INFO: board_modifier.py:503: Could not add track segment due to detected collision
DEBUG: board_modifier.py:591: Routing at F.Cu layer
DEBUG: board_modifier.py:608: Netclass: Default, track width: 200000
INFO: board_modifier.py:674: Routing pad 'S8:1' at (91440000, 92710000) with pad 'S15:1' at (91440000, 111760000) using coordinate system rotated by 0 degree(s)
INFO: board_modifier.py:494: Adding track segment (F.Cu): [(91440000, 92710000), (91440000, 111760000)]
INFO: board_modifier.py:503: Could not add track segment due to detected collision
DEBUG: board_modifier.py:591: Routing at F.Cu layer
DEBUG: board_modifier.py:608: Netclass: Default, track width: 200000
INFO: board_modifier.py:674: Routing pad 'S15:1' at (91440000, 111760000) with pad 'S22:1' at (91440000, 130810000) using coordinate system rotated by 0 degree(s)
INFO: board_modifier.py:494: Adding track segment (F.Cu): [(91440000, 111760000), (91440000, 130810000)]
DEBUG: board_modifier.py:591: Routing at F.Cu layer
DEBUG: board_modifier.py:608: Netclass: Default, track width: 200000
INFO: board_modifier.py:674: Routing pad 'S22:1' at (91440000, 130810000) with pad 'S29:1' at (91440000, 149860000) using coordinate system rotated by 0 degree(s)
INFO: board_modifier.py:494: Adding track segment (F.Cu): [(91440000, 130810000), (91440000, 149860000)]
INFO: board_modifier.py:503: Could not add track segment due to detected collision
DEBUG: board_modifier.py:591: Routing at F.Cu layer
DEBUG: board_modifier.py:608: Netclass: Default, track width: 200000
INFO: board_modifier.py:674: Routing pad 'S1:1' at (91440000, 73660000) with pad 'U1:7' at (134840000, 78490000) using coordinate system rotated by 0 degree(s)
INFO: key_placer.py:1035: Routing /colum 3 pads
DEBUG: board_modifier.py:591: Routing at F.Cu layer
DEBUG: board_modifier.py:608: Netclass: Default, track width: 200000
INFO: board_modifier.py:674: Routing pad 'S4:1' at (34290000, 83185000) with pad 'S11:1' at (34290000, 102235000) using coordinate system rotated by 0 degree(s)
INFO: board_modifier.py:494: Adding track segment (F.Cu): [(34290000, 83185000), (34290000, 102235000)]
DEBUG: board_modifier.py:591: Routing at F.Cu layer
DEBUG: board_modifier.py:608: Netclass: Default, track width: 200000
INFO: board_modifier.py:674: Routing pad 'S11:1' at (34290000, 102235000) with pad 'S18:1' at (34290000, 121285000) using coordinate system rotated by 0 degree(s)
INFO: board_modifier.py:494: Adding track segment (F.Cu): [(34290000, 102235000), (34290000, 121285000)]
DEBUG: board_modifier.py:591: Routing at F.Cu layer
DEBUG: board_modifier.py:608: Netclass: Default, track width: 200000
INFO: board_modifier.py:674: Routing pad 'S18:1' at (34290000, 121285000) with pad 'S25:1' at (34290000, 140335000) using coordinate system rotated by 0 degree(s)
INFO: board_modifier.py:494: Adding track segment (F.Cu): [(34290000, 121285000), (34290000, 140335000)]
DEBUG: board_modifier.py:591: Routing at F.Cu layer
DEBUG: board_modifier.py:608: Netclass: Default, track width: 200000
INFO: board_modifier.py:674: Routing pad 'S25:1' at (34290000, 140335000) with pad 'S32:1' at (34290000, 159385000) using coordinate system rotated by 0 degree(s)
INFO: board_modifier.py:494: Adding track segment (F.Cu): [(34290000, 140335000), (34290000, 159385000)]
DEBUG: board_modifier.py:591: Routing at F.Cu layer
DEBUG: board_modifier.py:608: Netclass: Default, track width: 200000
INFO: board_modifier.py:674: Routing pad 'S32:1' at (34290000, 159385000) with pad 'S36:1' at (91440000, 183197500) using coordinate system rotated by 0 degree(s)
DEBUG: board_modifier.py:591: Routing at F.Cu layer
DEBUG: board_modifier.py:608: Netclass: Default, track width: 200000
INFO: board_modifier.py:674: Routing pad 'S4:1' at (34290000, 83185000) with pad 'U1:10' at (132300000, 83570000) using coordinate system rotated by 0 degree(s)
INFO: key_placer.py:1035: Routing /row 4 pads
DEBUG: board_modifier.py:591: Routing at F.Cu layer
DEBUG: board_modifier.py:608: Netclass: Default, track width: 200000
INFO: board_modifier.py:674: Routing pad 'D32:1' at (43180000, 165925000) with pad 'D33:1' at (62230000, 165925000) using coordinate system rotated by 0 degree(s)
INFO: board_modifier.py:494: Adding track segment (F.Cu): [(43180000, 165925000), (62230000, 165925000)]
DEBUG: board_modifier.py:591: Routing at F.Cu layer
DEBUG: board_modifier.py:608: Netclass: Default, track width: 200000
INFO: board_modifier.py:674: Routing pad 'D33:1' at (62230000, 165925000) with pad 'D30:1' at (81280000, 161162500) using coordinate system rotated by 0 degree(s)
INFO: board_modifier.py:494: Adding track segment (F.Cu): [(62230000, 165925000), (76517500, 165925000)]
INFO: board_modifier.py:494: Adding track segment (F.Cu): [(76517500, 165925000), (81280000, 161162500)]
DEBUG: board_modifier.py:591: Routing at F.Cu layer
DEBUG: board_modifier.py:608: Netclass: Default, track width: 200000
INFO: board_modifier.py:674: Routing pad 'D30:1' at (81280000, 161162500) with pad 'D29:1' at (100330000, 156400000) using coordinate system rotated by 0 degree(s)
INFO: board_modifier.py:494: Adding track segment (F.Cu): [(81280000, 161162500), (95567500, 161162500)]
INFO: board_modifier.py:494: Adding track segment (F.Cu): [(95567500, 161162500), (100330000, 156400000)]
DEBUG: board_modifier.py:591: Routing at F.Cu layer
DEBUG: board_modifier.py:608: Netclass: Default, track width: 200000
INFO: board_modifier.py:674: Routing pad 'D29:1' at (100330000, 156400000) with pad 'D31:1' at (119380000, 161162500) using coordinate system rotated by 0 degree(s)
INFO: board_modifier.py:494: Adding track segment (F.Cu): [(100330000, 156400000), (105092500, 161162500)]
INFO: board_modifier.py:494: Adding track segment (F.Cu): [(105092500, 161162500), (119380000, 161162500)]
DEBUG: board_modifier.py:591: Routing at F.Cu layer
DEBUG: board_modifier.py:608: Netclass: Default, track width: 200000
INFO: board_modifier.py:674: Routing pad 'D31:1' at (119380000, 161162500) with pad 'U1:5' at (134840000, 73410000) using coordinate system rotated by 0 degree(s)
DEBUG: board_modifier.py:591: Routing at F.Cu layer
DEBUG: board_modifier.py:608: Netclass: Default, track width: 200000
INFO: board_modifier.py:674: Routing pad 'D31:1' at (119380000, 161162500) with pad 'D34:1' at (138430000, 165925000) using coordinate system rotated by 0 degree(s)
INFO: board_modifier.py:494: Adding track segment (F.Cu): [(119380000, 161162500), (124142500, 165925000)]
INFO: board_modifier.py:494: Adding track segment (F.Cu): [(124142500, 165925000), (138430000, 165925000)]
DEBUG: board_modifier.py:591: Routing at F.Cu layer
DEBUG: board_modifier.py:608: Netclass: Default, track width: 200000
INFO: board_modifier.py:674: Routing pad 'D34:1' at (138430000, 165925000) with pad 'D35:1' at (157480000, 170687500) using coordinate system rotated by 0 degree(s)
INFO: key_placer.py:1035: Routing /row 2 pads
DEBUG: board_modifier.py:591: Routing at F.Cu layer
DEBUG: board_modifier.py:608: Netclass: Default, track width: 200000
INFO: board_modifier.py:674: Routing pad 'D18:1' at (43180000, 127825000) with pad 'D19:1' at (62230000, 127825000) using coordinate system rotated by 0 degree(s)
INFO: board_modifier.py:494: Adding track segment (F.Cu): [(43180000, 127825000), (62230000, 127825000)]
INFO: board_modifier.py:503: Could not add track segment due to detected collision
DEBUG: board_modifier.py:591: Routing at F.Cu layer
DEBUG: board_modifier.py:608: Netclass: Default, track width: 200000
INFO: board_modifier.py:674: Routing pad 'D19:1' at (62230000, 127825000) with pad 'D16:1' at (81280000, 123062500) using coordinate system rotated by 0 degree(s)
DEBUG: board_modifier.py:591: Routing at F.Cu layer
DEBUG: board_modifier.py:608: Netclass: Default, track width: 200000
INFO: board_modifier.py:674: Routing pad 'D16:1' at (81280000, 123062500) with pad 'D15:1' at (100330000, 118300000) using coordinate system rotated by 0 degree(s)
DEBUG: board_modifier.py:591: Routing at F.Cu layer
DEBUG: board_modifier.py:608: Netclass: Default, track width: 200000
INFO: board_modifier.py:674: Routing pad 'D15:1' at (100330000, 118300000) with pad 'D17:1' at (119380000, 123062500) using coordinate system rotated by 0 degree(s)
DEBUG: board_modifier.py:591: Routing at F.Cu layer
DEBUG: board_modifier.py:608: Netclass: Default, track width: 200000
INFO: board_modifier.py:674: Routing pad 'D17:1' at (119380000, 123062500) with pad 'U1:3' at (134840000, 68330000) using coordinate system rotated by 0 degree(s)
DEBUG: board_modifier.py:591: Routing at F.Cu layer
DEBUG: board_modifier.py:608: Netclass: Default, track width: 200000
INFO: board_modifier.py:674: Routing pad 'D17:1' at (119380000, 123062500) with pad 'D20:1' at (138430000, 127825000) using coordinate system rotated by 0 degree(s)
INFO: board_modifier.py:494: Adding track segment (F.Cu): [(119380000, 123062500), (124142500, 127825000)]
INFO: board_modifier.py:494: Adding track segment (F.Cu): [(124142500, 127825000), (138430000, 127825000)]
DEBUG: board_modifier.py:591: Routing at F.Cu layer
DEBUG: board_modifier.py:608: Netclass: Default, track width: 200000
INFO: board_modifier.py:674: Routing pad 'D20:1' at (138430000, 127825000) with pad 'D21:1' at (157480000, 132587500) using coordinate system rotated by 0 degree(s)
INFO: key_placer.py:1035: Routing /row 5 pads
DEBUG: board_modifier.py:591: Routing at F.Cu layer
DEBUG: board_modifier.py:608: Netclass: Default, track width: 200000
INFO: board_modifier.py:674: Routing pad 'D36:1' at (100330000, 189737500) with pad 'D37:1' at (119380000, 189737500) using coordinate system rotated by 0 degree(s)
INFO: board_modifier.py:494: Adding track segment (F.Cu): [(100330000, 189737500), (119380000, 189737500)]
DEBUG: board_modifier.py:591: Routing at F.Cu layer
DEBUG: board_modifier.py:608: Netclass: Default, track width: 200000
INFO: board_modifier.py:674: Routing pad 'D38:1' at (138430000, 189737500) with pad 'U1:6' at (134840000, 75950000) using coordinate system rotated by 0 degree(s)
DEBUG: board_modifier.py:591: Routing at F.Cu layer
DEBUG: board_modifier.py:608: Netclass: Default, track width: 200000
INFO: board_modifier.py:674: Routing pad 'D37:1' at (119380000, 189737500) with pad 'D38:1' at (138430000, 189737500) using coordinate system rotated by 0 degree(s)
INFO: board_modifier.py:494: Adding track segment (F.Cu): [(119380000, 189737500), (138430000, 189737500)]
DEBUG: board_modifier.py:591: Routing at F.Cu layer
DEBUG: board_modifier.py:608: Netclass: Default, track width: 200000
INFO: board_modifier.py:674: Routing pad 'D38:1' at (138430000, 189737500) with pad 'D39:1' at (157480000, 189737500) using coordinate system rotated by 0 degree(s)
INFO: board_modifier.py:494: Adding track segment (F.Cu): [(138430000, 189737500), (157480000, 189737500)]
INFO: key_placer.py:1035: Routing /colum 5 pads
DEBUG: board_modifier.py:591: Routing at F.Cu layer
DEBUG: board_modifier.py:608: Netclass: Default, track width: 200000
INFO: board_modifier.py:674: Routing pad 'U1:12' at (127220000, 83570000) with pad 'S6:1' at (129540000, 83185000) using coordinate system rotated by 0 degree(s)
DEBUG: board_modifier.py:591: Routing at F.Cu layer
DEBUG: board_modifier.py:608: Netclass: Default, track width: 200000
INFO: board_modifier.py:674: Routing pad 'U1:12' at (127220000, 83570000) with pad 'S13:1' at (129540000, 102235000) using coordinate system rotated by 0 degree(s)
DEBUG: board_modifier.py:591: Routing at F.Cu layer
DEBUG: board_modifier.py:608: Netclass: Default, track width: 200000
INFO: board_modifier.py:674: Routing pad 'S13:1' at (129540000, 102235000) with pad 'S20:1' at (129540000, 121285000) using coordinate system rotated by 0 degree(s)
INFO: board_modifier.py:494: Adding track segment (F.Cu): [(129540000, 102235000), (129540000, 121285000)]
INFO: board_modifier.py:503: Could not add track segment due to detected collision
DEBUG: board_modifier.py:591: Routing at F.Cu layer
DEBUG: board_modifier.py:608: Netclass: Default, track width: 200000
INFO: board_modifier.py:674: Routing pad 'S20:1' at (129540000, 121285000) with pad 'S27:1' at (129540000, 140335000) using coordinate system rotated by 0 degree(s)
INFO: board_modifier.py:494: Adding track segment (F.Cu): [(129540000, 121285000), (129540000, 140335000)]
INFO: board_modifier.py:503: Could not add track segment due to detected collision
DEBUG: board_modifier.py:591: Routing at F.Cu layer
DEBUG: board_modifier.py:608: Netclass: Default, track width: 200000
INFO: board_modifier.py:674: Routing pad 'S27:1' at (129540000, 140335000) with pad 'S34:1' at (129540000, 159385000) using coordinate system rotated by 0 degree(s)
INFO: board_modifier.py:494: Adding track segment (F.Cu): [(129540000, 140335000), (129540000, 159385000)]
INFO: board_modifier.py:503: Could not add track segment due to detected collision
DEBUG: board_modifier.py:591: Routing at F.Cu layer
DEBUG: board_modifier.py:608: Netclass: Default, track width: 200000
INFO: board_modifier.py:674: Routing pad 'S34:1' at (129540000, 159385000) with pad 'S38:1' at (129540000, 183197500) using coordinate system rotated by 0 degree(s)
INFO: board_modifier.py:494: Adding track segment (F.Cu): [(129540000, 159385000), (129540000, 183197500)]
INFO: board_modifier.py:503: Could not add track segment due to detected collision
INFO: key_placer.py:546: Removing dangling tracks
